../Driver/Src/stm32f411disc_spi_driver.c:16:6:SPI_PeriClockControl	16	static
../Driver/Src/stm32f411disc_spi_driver.c:47:6:SPI_Init	24	static
../Driver/Src/stm32f411disc_spi_driver.c:96:6:SPI_DeInit	16	static
../Driver/Src/stm32f411disc_spi_driver.c:111:9:SPI_GetFlagStatus	16	static
../Driver/Src/stm32f411disc_spi_driver.c:121:6:SPI_Send	24	static
../Driver/Src/stm32f411disc_spi_driver.c:148:6:SPI_Read	24	static
../Driver/Src/stm32f411disc_spi_driver.c:176:6:SPI_PeripheralControl	16	static
../Driver/Src/stm32f411disc_spi_driver.c:185:7:SPI_SSIConfig	16	static
../Driver/Src/stm32f411disc_spi_driver.c:194:7:SPI_SSOEConfig	16	static
../Driver/Src/stm32f411disc_spi_driver.c:204:6:SPI_IRQInterruptConfig	16	static
../Driver/Src/stm32f411disc_spi_driver.c:244:6:SPI_IRQPriorityConfig	24	static
../Driver/Src/stm32f411disc_spi_driver.c:252:6:SPI_IRQHandling	24	static
../Driver/Src/stm32f411disc_spi_driver.c:286:9:SPI_SendIT	32	static
../Driver/Src/stm32f411disc_spi_driver.c:307:9:SPI_ReadIT	32	static
../Driver/Src/stm32f411disc_spi_driver.c:328:6:SPI_CloseTransmissionIT	16	static
../Driver/Src/stm32f411disc_spi_driver.c:343:6:SPI_CloseRecptionIT	16	static
../Driver/Src/stm32f411disc_spi_driver.c:359:13:spi_txe_interrupt_handle	16	static
../Driver/Src/stm32f411disc_spi_driver.c:400:13:spi_rxne_interrupt_handle	16	static
../Driver/Src/stm32f411disc_spi_driver.c:440:13:spi_error_interrupt_handle	24	static
../Driver/Src/stm32f411disc_spi_driver.c:463:6:SPI_ClearOVRFlag	24	static
../Driver/Src/stm32f411disc_spi_driver.c:471:27:SPI_ApplicationEventCallBack	16	static
