../Driver/Src/stm32f411disc_i2c_driver.c:15:13:I2C_Generate_start_condition	16	static
../Driver/Src/stm32f411disc_i2c_driver.c:20:13:I2C_Generate_Stop_Condition	16	static
../Driver/Src/stm32f411disc_i2c_driver.c:25:9:I2C_GetFlagStatus	16	static
../Driver/Src/stm32f411disc_i2c_driver.c:40:13:I2C_ExecuteAddresPhase	16	static
../Driver/Src/stm32f411disc_i2c_driver.c:56:13:Clear_ADDR_FLAG	24	static
../Driver/Src/stm32f411disc_i2c_driver.c:97:6:I2C_CloseSendData	16	static
../Driver/Src/stm32f411disc_i2c_driver.c:111:6:I2C_CloseReceiveData	16	static
../Driver/Src/stm32f411disc_i2c_driver.c:128:6:I2C_PeripheralControl	16	static
../Driver/Src/stm32f411disc_i2c_driver.c:141:6:I2C_PeripheralClockControl	16	static
../Driver/Src/stm32f411disc_i2c_driver.c:163:6:I2C_Init	24	static
../Driver/Src/stm32f411disc_i2c_driver.c:218:6:I2C_DeInit	16	static
../Driver/Src/stm32f411disc_i2c_driver.c:229:6:I2C_MasterSendData	24	static
../Driver/Src/stm32f411disc_i2c_driver.c:269:6:I2C_MasterReceiveData	32	static
../Driver/Src/stm32f411disc_i2c_driver.c:340:6:I2C_IRQInterruptConfig	16	static
../Driver/Src/stm32f411disc_i2c_driver.c:380:6:I2C_IRQPriorityConfig	24	static
../Driver/Src/stm32f411disc_i2c_driver.c:390:9:I2C_MasterSendDataIT	32	static
../Driver/Src/stm32f411disc_i2c_driver.c:415:9:I2C_MasterReceiveDataIT	32	static
../Driver/Src/stm32f411disc_i2c_driver.c:440:6:I2C_EV_IRQHandling	32	static
../Driver/Src/stm32f411disc_i2c_driver.c:637:6:I2C_ERR_IRQHandling	24	static
../Driver/Src/stm32f411disc_i2c_driver.c:704:27:I2C_ApplicationEventCallback	16	static
