Archive member included to satisfy reference by file (symbol)

c:/st/stm32cubeide_1.11.2/stm32cubeide/plugins/com.st.stm32cube.ide.mcu.externaltools.gnu-tools-for-stm32.10.3-2021.10.win32_1.0.100.202210260954/tools/bin/../lib/gcc/arm-none-eabi/10.3.1/../../../../arm-none-eabi/lib/thumb/v7e-m+fp/hard\libc_nano.a(lib_a-errno.o)
                              ./Src/syscalls.o (__errno)
c:/st/stm32cubeide_1.11.2/stm32cubeide/plugins/com.st.stm32cube.ide.mcu.externaltools.gnu-tools-for-stm32.10.3-2021.10.win32_1.0.100.202210260954/tools/bin/../lib/gcc/arm-none-eabi/10.3.1/../../../../arm-none-eabi/lib/thumb/v7e-m+fp/hard\libc_nano.a(lib_a-exit.o)
                              c:/st/stm32cubeide_1.11.2/stm32cubeide/plugins/com.st.stm32cube.ide.mcu.externaltools.gnu-tools-for-stm32.10.3-2021.10.win32_1.0.100.202210260954/tools/bin/../lib/gcc/arm-none-eabi/10.3.1/../../../../arm-none-eabi/lib/thumb/v7e-m+fp/hard/crt0.o (exit)
c:/st/stm32cubeide_1.11.2/stm32cubeide/plugins/com.st.stm32cube.ide.mcu.externaltools.gnu-tools-for-stm32.10.3-2021.10.win32_1.0.100.202210260954/tools/bin/../lib/gcc/arm-none-eabi/10.3.1/../../../../arm-none-eabi/lib/thumb/v7e-m+fp/hard\libc_nano.a(lib_a-impure.o)
                              c:/st/stm32cubeide_1.11.2/stm32cubeide/plugins/com.st.stm32cube.ide.mcu.externaltools.gnu-tools-for-stm32.10.3-2021.10.win32_1.0.100.202210260954/tools/bin/../lib/gcc/arm-none-eabi/10.3.1/../../../../arm-none-eabi/lib/thumb/v7e-m+fp/hard\libc_nano.a(lib_a-exit.o) (_global_impure_ptr)
c:/st/stm32cubeide_1.11.2/stm32cubeide/plugins/com.st.stm32cube.ide.mcu.externaltools.gnu-tools-for-stm32.10.3-2021.10.win32_1.0.100.202210260954/tools/bin/../lib/gcc/arm-none-eabi/10.3.1/../../../../arm-none-eabi/lib/thumb/v7e-m+fp/hard\libc_nano.a(lib_a-init.o)
                              c:/st/stm32cubeide_1.11.2/stm32cubeide/plugins/com.st.stm32cube.ide.mcu.externaltools.gnu-tools-for-stm32.10.3-2021.10.win32_1.0.100.202210260954/tools/bin/../lib/gcc/arm-none-eabi/10.3.1/../../../../arm-none-eabi/lib/thumb/v7e-m+fp/hard/crt0.o (__libc_init_array)
c:/st/stm32cubeide_1.11.2/stm32cubeide/plugins/com.st.stm32cube.ide.mcu.externaltools.gnu-tools-for-stm32.10.3-2021.10.win32_1.0.100.202210260954/tools/bin/../lib/gcc/arm-none-eabi/10.3.1/../../../../arm-none-eabi/lib/thumb/v7e-m+fp/hard\libc_nano.a(lib_a-memset.o)
                              c:/st/stm32cubeide_1.11.2/stm32cubeide/plugins/com.st.stm32cube.ide.mcu.externaltools.gnu-tools-for-stm32.10.3-2021.10.win32_1.0.100.202210260954/tools/bin/../lib/gcc/arm-none-eabi/10.3.1/../../../../arm-none-eabi/lib/thumb/v7e-m+fp/hard/crt0.o (memset)
c:/st/stm32cubeide_1.11.2/stm32cubeide/plugins/com.st.stm32cube.ide.mcu.externaltools.gnu-tools-for-stm32.10.3-2021.10.win32_1.0.100.202210260954/tools/bin/../lib/gcc/arm-none-eabi/10.3.1/../../../../arm-none-eabi/lib/thumb/v7e-m+fp/hard\libc_nano.a(lib_a-printf.o)
                              ./Driver/Src/stm32f411disc_i2c_driver.o (printf)
c:/st/stm32cubeide_1.11.2/stm32cubeide/plugins/com.st.stm32cube.ide.mcu.externaltools.gnu-tools-for-stm32.10.3-2021.10.win32_1.0.100.202210260954/tools/bin/../lib/gcc/arm-none-eabi/10.3.1/../../../../arm-none-eabi/lib/thumb/v7e-m+fp/hard\libc_nano.a(lib_a-puts.o)
                              ./Driver/Src/stm32f411disc_i2c_driver.o (puts)
c:/st/stm32cubeide_1.11.2/stm32cubeide/plugins/com.st.stm32cube.ide.mcu.externaltools.gnu-tools-for-stm32.10.3-2021.10.win32_1.0.100.202210260954/tools/bin/../lib/gcc/arm-none-eabi/10.3.1/../../../../arm-none-eabi/lib/thumb/v7e-m+fp/hard\libc_nano.a(lib_a-strlen.o)
                              ./Src/004.SPI_Send.o (strlen)
c:/st/stm32cubeide_1.11.2/stm32cubeide/plugins/com.st.stm32cube.ide.mcu.externaltools.gnu-tools-for-stm32.10.3-2021.10.win32_1.0.100.202210260954/tools/bin/../lib/gcc/arm-none-eabi/10.3.1/../../../../arm-none-eabi/lib/thumb/v7e-m+fp/hard\libc_nano.a(lib_a-wbuf.o)
                              c:/st/stm32cubeide_1.11.2/stm32cubeide/plugins/com.st.stm32cube.ide.mcu.externaltools.gnu-tools-for-stm32.10.3-2021.10.win32_1.0.100.202210260954/tools/bin/../lib/gcc/arm-none-eabi/10.3.1/../../../../arm-none-eabi/lib/thumb/v7e-m+fp/hard\libc_nano.a(lib_a-puts.o) (__swbuf_r)
c:/st/stm32cubeide_1.11.2/stm32cubeide/plugins/com.st.stm32cube.ide.mcu.externaltools.gnu-tools-for-stm32.10.3-2021.10.win32_1.0.100.202210260954/tools/bin/../lib/gcc/arm-none-eabi/10.3.1/../../../../arm-none-eabi/lib/thumb/v7e-m+fp/hard\libc_nano.a(lib_a-wsetup.o)
                              c:/st/stm32cubeide_1.11.2/stm32cubeide/plugins/com.st.stm32cube.ide.mcu.externaltools.gnu-tools-for-stm32.10.3-2021.10.win32_1.0.100.202210260954/tools/bin/../lib/gcc/arm-none-eabi/10.3.1/../../../../arm-none-eabi/lib/thumb/v7e-m+fp/hard\libc_nano.a(lib_a-puts.o) (__swsetup_r)
[...]
Memory Configuration

Name             Origin             Length             Attributes
RAM              0x0000000020000000 0x0000000000020000 xrw
FLASH            0x0000000008000000 0x0000000000080000 xr
*default*        0x0000000000000000 0xffffffffffffffff

Linker script and memory map

LOAD c:/st/stm32cubeide_1.11.2/stm32cubeide/plugins/com.st.stm32cube.ide.mcu.externaltools.gnu-tools-for-stm32.10.3-2021.10.win32_1.0.100.202210260954/tools/bin/../lib/gcc/arm-none-eabi/10.3.1/thumb/v7e-m+fp/hard/crti.o
LOAD c:/st/stm32cubeide_1.11.2/stm32cubeide/plugins/com.st.stm32cube.ide.mcu.externaltools.gnu-tools-for-stm32.10.3-2021.10.win32_1.0.100.202210260954/tools/bin/../lib/gcc/arm-none-eabi/10.3.1/thumb/v7e-m+fp/hard/crtbegin.o
LOAD c:/st/stm32cubeide_1.11.2/stm32cubeide/plugins/com.st.stm32cube.ide.mcu.externaltools.gnu-tools-for-stm32.10.3-2021.10.win32_1.0.100.202210260954/tools/bin/../lib/gcc/arm-none-eabi/10.3.1/../../../../arm-none-eabi/lib/thumb/v7e-m+fp/hard/crt0.o
LOAD ./Driver/Src/stm32f411disc_gpio_driver.o
LOAD ./Driver/Src/stm32f411disc_i2c_driver.o
LOAD ./Driver/Src/stm32f411disc_rcc_driver.o
LOAD ./Driver/Src/stm32f411disc_spi_driver.o
LOAD ./Driver/Src/stm32f411disc_uart_driver.o
LOAD ./Src/004.SPI_Send.o
LOAD ./Src/syscalls.o
LOAD ./Src/sysmem.o
LOAD ./Startup/startup_stm32f411vetx.o
START GROUP
LOAD c:/st/stm32cubeide_1.11.2/stm32cubeide/plugins/com.st.stm32cube.ide.mcu.externaltools.gnu-tools-for-stm32.10.3-2021.10.win32_1.0.100.202210260954/tools/bin/../lib/gcc/arm-none-eabi/10.3.1/../../../../arm-none-eabi/lib/thumb/v7e-m+fp/hard\libc_nano.a
LOAD c:/st/stm32cubeide_1.11.2/stm32cubeide/plugins/com.st.stm32cube.ide.mcu.externaltools.gnu-tools-for-stm32.10.3-2021.10.win32_1.0.100.202210260954/tools/bin/../lib/gcc/arm-none-eabi/10.3.1/../../../../arm-none-eabi/lib/thumb/v7e-m+fp/hard\libm.a
END GROUP
START GROUP
LOAD c:/st/stm32cubeide_1.11.2/stm32cubeide/plugins/com.st.stm32cube.ide.mcu.externaltools.gnu-tools-for-stm32.10.3-2021.10.win32_1.0.100.202210260954/tools/bin/../lib/gcc/arm-none-eabi/10.3.1/thumb/v7e-m+fp/hard\libgcc.a
LOAD c:/st/stm32cubeide_1.11.2/stm32cubeide/plugins/com.st.stm32cube.ide.mcu.externaltools.gnu-tools-for-stm32.10.3-2021.10.win32_1.0.100.202210260954/tools/bin/../lib/gcc/arm-none-eabi/10.3.1/../../../../arm-none-eabi/lib/thumb/v7e-m+fp/hard\libc_nano.a
END GROUP
START GROUP
LOAD c:/st/stm32cubeide_1.11.2/stm32cubeide/plugins/com.st.stm32cube.ide.mcu.externaltools.gnu-tools-for-stm32.10.3-2021.10.win32_1.0.100.202210260954/tools/bin/../lib/gcc/arm-none-eabi/10.3.1/thumb/v7e-m+fp/hard\libgcc.a
LOAD c:/st/stm32cubeide_1.11.2/stm32cubeide/plugins/com.st.stm32cube.ide.mcu.externaltools.gnu-tools-for-stm32.10.3-2021.10.win32_1.0.100.202210260954/tools/bin/../lib/gcc/arm-none-eabi/10.3.1/../../../../arm-none-eabi/lib/thumb/v7e-m+fp/hard\libc_nano.a
LOAD c:/st/stm32cubeide_1.11.2/stm32cubeide/plugins/com.st.stm32cube.ide.mcu.externaltools.gnu-tools-for-stm32.10.3-2021.10.win32_1.0.100.202210260954/tools/bin/../lib/gcc/arm-none-eabi/10.3.1/../../../../arm-none-eabi/lib/thumb/v7e-m+fp/hard\libnosys.a
END GROUP
START GROUP
LOAD c:/st/stm32cubeide_1.11.2/stm32cubeide/plugins/com.st.stm32cube.ide.mcu.externaltools.gnu-tools-for-stm32.10.3-2021.10.win32_1.0.100.202210260954/tools/bin/../lib/gcc/arm-none-eabi/10.3.1/thumb/v7e-m+fp/hard\libgcc.a
LOAD c:/st/stm32cubeide_1.11.2/stm32cubeide/plugins/com.st.stm32cube.ide.mcu.externaltools.gnu-tools-for-stm32.10.3-2021.10.win32_1.0.100.202210260954/tools/bin/../lib/gcc/arm-none-eabi/10.3.1/../../../../arm-none-eabi/lib/thumb/v7e-m+fp/hard\libc_nano.a
LOAD c:/st/stm32cubeide_1.11.2/stm32cubeide/plugins/com.st.stm32cube.ide.mcu.externaltools.gnu-tools-for-stm32.10.3-2021.10.win32_1.0.100.202210260954/tools/bin/../lib/gcc/arm-none-eabi/10.3.1/../../../../arm-none-eabi/lib/thumb/v7e-m+fp/hard\libnosys.a
END GROUP
LOAD c:/st/stm32cubeide_1.11.2/stm32cubeide/plugins/com.st.stm32cube.ide.mcu.externaltools.gnu-tools-for-stm32.10.3-2021.10.win32_1.0.100.202210260954/tools/bin/../lib/gcc/arm-none-eabi/10.3.1/thumb/v7e-m+fp/hard/crtend.o
LOAD c:/st/stm32cubeide_1.11.2/stm32cubeide/plugins/com.st.stm32cube.ide.mcu.externaltools.gnu-tools-for-stm32.10.3-2021.10.win32_1.0.100.202210260954/tools/bin/../lib/gcc/arm-none-eabi/10.3.1/thumb/v7e-m+fp/hard/crtn.o
                0x0000000020020000                _estack = (ORIGIN (RAM) + LENGTH (RAM))
                0x0000000000000200                _Min_Heap_Size = 0x200
                0x0000000000000400                _Min_Stack_Size = 0x400

.isr_vector     0x0000000008000000      0x198
                0x0000000008000000                . = ALIGN (0x4)
 *(.isr_vector)
 .isr_vector    0x0000000008000000      0x198 ./Startup/startup_stm32f411vetx.o
                0x0000000008000000                g_pfnVectors
                0x0000000008000198                . = ALIGN (0x4)

.text           0x0000000008000198      0x8f4
                0x0000000008000198                . = ALIGN (0x4)
 *(.text)
 .text          0x0000000008000198       0x40 c:/st/stm32cubeide_1.11.2/stm32cubeide/plugins/com.st.stm32cube.ide.mcu.externaltools.gnu-tools-for-stm32.10.3-2021.10.win32_1.0.100.202210260954/tools/bin/../lib/gcc/arm-none-eabi/10.3.1/thumb/v7e-m+fp/hard/crtbegin.o
 .text          0x00000000080001d8       0x10 c:/st/stm32cubeide_1.11.2/stm32cubeide/plugins/com.st.stm32cube.ide.mcu.externaltools.gnu-tools-for-stm32.10.3-2021.10.win32_1.0.100.202210260954/tools/bin/../lib/gcc/arm-none-eabi/10.3.1/../../../../arm-none-eabi/lib/thumb/v7e-m+fp/hard\libc_nano.a(lib_a-strlen.o)
                0x00000000080001d8                strlen
 *(.text*)
 .text.GPIO_PeriClockControl
                0x00000000080001e8      0x140 ./Driver/Src/stm32f411disc_gpio_driver.o
                0x00000000080001e8                GPIO_PeriClockControl
 .text.GPIO_Init
                0x0000000008000328      0x318 ./Driver/Src/stm32f411disc_gpio_driver.o
                0x0000000008000328                GPIO_Init
 .text.SPI_PeriClockControl
                0x0000000008000640      0x110 ./Driver/Src/stm32f411disc_spi_driver.o
                0x0000000008000640                SPI_PeriClockControl
 .text.SPI_Init
                0x0000000008000750       0xb6 ./Driver/Src/stm32f411disc_spi_driver.o
                0x0000000008000750                SPI_Init
 .text.SPI_GetFlagStatus
                0x0000000008000806       0x28 ./Driver/Src/stm32f411disc_spi_driver.o
                0x0000000008000806                SPI_GetFlagStatus
 .text.SPI_Send
                0x000000000800082e       0x6e ./Driver/Src/stm32f411disc_spi_driver.o
                0x000000000800082e                SPI_Send
 .text.SPI_PeripheralControl
                0x000000000800089c       0x38 ./Driver/Src/stm32f411disc_spi_driver.o
                0x000000000800089c                SPI_PeripheralControl
 .text.SPI_SSIConfig
                0x00000000080008d4       0x38 ./Driver/Src/stm32f411disc_spi_driver.o
                0x00000000080008d4                SPI_SSIConfig
 .text.SPI2_GPIOInits
                0x000000000800090c       0x44 ./Src/004.SPI_Send.o
                0x000000000800090c                SPI2_GPIOInits
 .text.SPI2_Inits
                0x0000000008000950       0x3c ./Src/004.SPI_Send.o
                0x0000000008000950                SPI2_Inits
 .text.main     0x000000000800098c       0x4c ./Src/004.SPI_Send.o
                0x000000000800098c                main
 .text.Reset_Handler
                0x00000000080009d8       0x50 ./Startup/startup_stm32f411vetx.o
                0x00000000080009d8                Reset_Handler
 .text.Default_Handler
                0x0000000008000a28        0x2 ./Startup/startup_stm32f411vetx.o
                0x0000000008000a28                RTC_Alarm_IRQHandler
                0x0000000008000a28                EXTI2_IRQHandler
                0x0000000008000a28                DebugMon_Handler
                0x0000000008000a28                SPI4_IRQHandler
                0x0000000008000a28                TIM1_CC_IRQHandler
                0x0000000008000a28                DMA2_Stream5_IRQHandler
                0x0000000008000a28                HardFault_Handler
                0x0000000008000a28                DMA1_Stream5_IRQHandler
                0x0000000008000a28                SysTick_Handler
                0x0000000008000a28                PVD_IRQHandler
                0x0000000008000a28                SDIO_IRQHandler
                0x0000000008000a28                TAMP_STAMP_IRQHandler
                0x0000000008000a28                PendSV_Handler
                0x0000000008000a28                NMI_Handler
                0x0000000008000a28                EXTI3_IRQHandler
                0x0000000008000a28                TIM1_UP_TIM10_IRQHandler
                0x0000000008000a28                I2C3_ER_IRQHandler
                0x0000000008000a28                EXTI0_IRQHandler
                0x0000000008000a28                I2C2_EV_IRQHandler
                0x0000000008000a28                DMA1_Stream2_IRQHandler
                0x0000000008000a28                UsageFault_Handler
                0x0000000008000a28                DMA2_Stream2_IRQHandler
                0x0000000008000a28                SPI1_IRQHandler
                0x0000000008000a28                TIM1_BRK_TIM9_IRQHandler
                0x0000000008000a28                DMA2_Stream3_IRQHandler
                0x0000000008000a28                USART6_IRQHandler
                0x0000000008000a28                DMA2_Stream0_IRQHandler
                0x0000000008000a28                TIM4_IRQHandler
                0x0000000008000a28                I2C1_EV_IRQHandler
                0x0000000008000a28                DMA1_Stream6_IRQHandler
                0x0000000008000a28                DMA1_Stream1_IRQHandler
                0x0000000008000a28                TIM3_IRQHandler
                0x0000000008000a28                RCC_IRQHandler
                0x0000000008000a28                Default_Handler
                0x0000000008000a28                EXTI15_10_IRQHandler
                0x0000000008000a28                ADC_IRQHandler
                0x0000000008000a28                DMA1_Stream7_IRQHandler
                0x0000000008000a28                SPI5_IRQHandler
                0x0000000008000a28                TIM5_IRQHandler
                0x0000000008000a28                DMA2_Stream7_IRQHandler
                0x0000000008000a28                I2C3_EV_IRQHandler
                0x0000000008000a28                EXTI9_5_IRQHandler
                0x0000000008000a28                RTC_WKUP_IRQHandler
                0x0000000008000a28                SPI2_IRQHandler
                0x0000000008000a28                MemManage_Handler
                0x0000000008000a28                DMA1_Stream0_IRQHandler
                0x0000000008000a28                SVC_Handler
                0x0000000008000a28                EXTI4_IRQHandler
                0x0000000008000a28                WWDG_IRQHandler
                0x0000000008000a28                TIM2_IRQHandler
                0x0000000008000a28                OTG_FS_WKUP_IRQHandler
                0x0000000008000a28                TIM1_TRG_COM_TIM11_IRQHandler
                0x0000000008000a28                EXTI1_IRQHandler
                0x0000000008000a28                USART2_IRQHandler
                0x0000000008000a28                I2C2_ER_IRQHandler
                0x0000000008000a28                DMA2_Stream1_IRQHandler
                0x0000000008000a28                FLASH_IRQHandler
                0x0000000008000a28                DMA2_Stream4_IRQHandler
                0x0000000008000a28                BusFault_Handler
                0x0000000008000a28                USART1_IRQHandler
                0x0000000008000a28                OTG_FS_IRQHandler
                0x0000000008000a28                SPI3_IRQHandler
                0x0000000008000a28                DMA1_Stream4_IRQHandler
                0x0000000008000a28                I2C1_ER_IRQHandler
                0x0000000008000a28                DMA2_Stream6_IRQHandler
                0x0000000008000a28                DMA1_Stream3_IRQHandler
 *fill*         0x0000000008000a2a        0x2 
 .text.__libc_init_array
                0x0000000008000a2c       0x48 c:/st/stm32cubeide_1.11.2/stm32cubeide/plugins/com.st.stm32cube.ide.mcu.externaltools.gnu-tools-for-stm32.10.3-2021.10.win32_1.0.100.202210260954/tools/bin/../lib/gcc/arm-none-eabi/10.3.1/../../../../arm-none-eabi/lib/thumb/v7e-m+fp/hard\libc_nano.a(lib_a-init.o)
                0x0000000008000a2c                __libc_init_array
 *(.glue_7)
 .glue_7        0x0000000008000a74        0x0 linker stubs
 *(.glue_7t)
 .glue_7t       0x0000000008000a74        0x0 linker stubs
 *(.eh_frame)
 .eh_frame      0x0000000008000a74        0x0 c:/st/stm32cubeide_1.11.2/stm32cubeide/plugins/com.st.stm32cube.ide.mcu.externaltools.gnu-tools-for-stm32.10.3-2021.10.win32_1.0.100.202210260954/tools/bin/../lib/gcc/arm-none-eabi/10.3.1/thumb/v7e-m+fp/hard/crtbegin.o
 *(.init)
 .init          0x0000000008000a74        0x4 c:/st/stm32cubeide_1.11.2/stm32cubeide/plugins/com.st.stm32cube.ide.mcu.externaltools.gnu-tools-for-stm32.10.3-2021.10.win32_1.0.100.202210260954/tools/bin/../lib/gcc/arm-none-eabi/10.3.1/thumb/v7e-m+fp/hard/crti.o
                0x0000000008000a74                _init
 .init          0x0000000008000a78        0x8 c:/st/stm32cubeide_1.11.2/stm32cubeide/plugins/com.st.stm32cube.ide.mcu.externaltools.gnu-tools-for-stm32.10.3-2021.10.win32_1.0.100.202210260954/tools/bin/../lib/gcc/arm-none-eabi/10.3.1/thumb/v7e-m+fp/hard/crtn.o
 *(.fini)
 .fini          0x0000000008000a80        0x4 c:/st/stm32cubeide_1.11.2/stm32cubeide/plugins/com.st.stm32cube.ide.mcu.externaltools.gnu-tools-for-stm32.10.3-2021.10.win32_1.0.100.202210260954/tools/bin/../lib/gcc/arm-none-eabi/10.3.1/thumb/v7e-m+fp/hard/crti.o
                0x0000000008000a80                _fini
 .fini          0x0000000008000a84        0x8 c:/st/stm32cubeide_1.11.2/stm32cubeide/plugins/com.st.stm32cube.ide.mcu.externaltools.gnu-tools-for-stm32.10.3-2021.10.win32_1.0.100.202210260954/tools/bin/../lib/gcc/arm-none-eabi/10.3.1/thumb/v7e-m+fp/hard/crtn.o
                0x0000000008000a8c                . = ALIGN (0x4)
                0x0000000008000a8c                _etext = .

.vfp11_veneer   0x0000000008000a8c        0x0
 .vfp11_veneer  0x0000000008000a8c        0x0 linker stubs

.v4_bx          0x0000000008000a8c        0x0
 .v4_bx         0x0000000008000a8c        0x0 linker stubs

.iplt           0x0000000008000a8c        0x0
 .iplt          0x0000000008000a8c        0x0 c:/st/stm32cubeide_1.11.2/stm32cubeide/plugins/com.st.stm32cube.ide.mcu.externaltools.gnu-tools-for-stm32.10.3-2021.10.win32_1.0.100.202210260954/tools/bin/../lib/gcc/arm-none-eabi/10.3.1/thumb/v7e-m+fp/hard/crtbegin.o

.rodata         0x0000000008000a8c       0x10
                0x0000000008000a8c                . = ALIGN (0x4)
 *(.rodata)
 .rodata        0x0000000008000a8c        0xf ./Src/004.SPI_Send.o
 *(.rodata*)
                0x0000000008000a9c                . = ALIGN (0x4)
 *fill*         0x0000000008000a9b        0x1 

.rel.dyn        0x0000000008000a9c        0x0
 .rel.iplt      0x0000000008000a9c        0x0 c:/st/stm32cubeide_1.11.2/stm32cubeide/plugins/com.st.stm32cube.ide.mcu.externaltools.gnu-tools-for-stm32.10.3-2021.10.win32_1.0.100.202210260954/tools/bin/../lib/gcc/arm-none-eabi/10.3.1/thumb/v7e-m+fp/hard/crtbegin.o

.ARM.extab      0x0000000008000a9c        0x0
                0x0000000008000a9c                . = ALIGN (0x4)
 *(.ARM.extab* .gnu.linkonce.armextab.*)
                0x0000000008000a9c                . = ALIGN (0x4)

.ARM            0x0000000008000a9c        0x0
                0x0000000008000a9c                . = ALIGN (0x4)
                0x0000000008000a9c                __exidx_start = .
 *(.ARM.exidx*)
                0x0000000008000a9c                __exidx_end = .
                0x0000000008000a9c                . = ALIGN (0x4)

.preinit_array  0x0000000008000a9c        0x0
                0x0000000008000a9c                . = ALIGN (0x4)
                0x0000000008000a9c                PROVIDE (__preinit_array_start = .)
 *(.preinit_array*)
                0x0000000008000a9c                PROVIDE (__preinit_array_end = .)
                0x0000000008000a9c                . = ALIGN (0x4)

.init_array     0x0000000008000a9c        0x4
                0x0000000008000a9c                . = ALIGN (0x4)
                0x0000000008000a9c                PROVIDE (__init_array_start = .)
 *(SORT_BY_NAME(.init_array.*))
 *(.init_array*)
 .init_array    0x0000000008000a9c        0x4 c:/st/stm32cubeide_1.11.2/stm32cubeide/plugins/com.st.stm32cube.ide.mcu.externaltools.gnu-tools-for-stm32.10.3-2021.10.win32_1.0.100.202210260954/tools/bin/../lib/gcc/arm-none-eabi/10.3.1/thumb/v7e-m+fp/hard/crtbegin.o
                0x0000000008000aa0                PROVIDE (__init_array_end = .)
                0x0000000008000aa0                . = ALIGN (0x4)

.fini_array     0x0000000008000aa0        0x4
                0x0000000008000aa0                . = ALIGN (0x4)
                [!provide]                        PROVIDE (__fini_array_start = .)
 *(SORT_BY_NAME(.fini_array.*))
 *(.fini_array*)
 .fini_array    0x0000000008000aa0        0x4 c:/st/stm32cubeide_1.11.2/stm32cubeide/plugins/com.st.stm32cube.ide.mcu.externaltools.gnu-tools-for-stm32.10.3-2021.10.win32_1.0.100.202210260954/tools/bin/../lib/gcc/arm-none-eabi/10.3.1/thumb/v7e-m+fp/hard/crtbegin.o
                [!provide]                        PROVIDE (__fini_array_end = .)
                0x0000000008000aa4                . = ALIGN (0x4)
                0x0000000008000aa4                _sidata = LOADADDR (.data)

.data           0x0000000020000000        0x0 load address 0x0000000008000aa4
                0x0000000020000000                . = ALIGN (0x4)
                0x0000000020000000                _sdata = .
 *(.data)
 *(.data*)
 *(.RamFunc)
 *(.RamFunc*)
                0x0000000020000000                . = ALIGN (0x4)
                0x0000000020000000                _edata = .

.igot.plt       0x0000000020000000        0x0 load address 0x0000000008000aa4
 .igot.plt      0x0000000020000000        0x0 c:/st/stm32cubeide_1.11.2/stm32cubeide/plugins/com.st.stm32cube.ide.mcu.externaltools.gnu-tools-for-stm32.10.3-2021.10.win32_1.0.100.202210260954/tools/bin/../lib/gcc/arm-none-eabi/10.3.1/thumb/v7e-m+fp/hard/crtbegin.o
                0x0000000020000000                . = ALIGN (0x4)

.bss            0x0000000020000000       0x1c load address 0x0000000008000aa4
                0x0000000020000000                _sbss = .
                0x0000000020000000                __bss_start__ = _sbss
 *(.bss)
 .bss           0x0000000020000000       0x1c c:/st/stm32cubeide_1.11.2/stm32cubeide/plugins/com.st.stm32cube.ide.mcu.externaltools.gnu-tools-for-stm32.10.3-2021.10.win32_1.0.100.202210260954/tools/bin/../lib/gcc/arm-none-eabi/10.3.1/thumb/v7e-m+fp/hard/crtbegin.o
 *(.bss*)
 *(COMMON)
                0x000000002000001c                . = ALIGN (0x4)
                0x000000002000001c                _ebss = .
                0x000000002000001c                __bss_end__ = _ebss

._user_heap_stack
                0x000000002000001c      0x604 load address 0x0000000008000aa4
                0x0000000020000020                . = ALIGN (0x8)
 *fill*         0x000000002000001c        0x4 
                [!provide]                        PROVIDE (end = .)
                0x0000000020000020                PROVIDE (_end = .)
                0x0000000020000220                . = (. + _Min_Heap_Size)
 *fill*         0x0000000020000020      0x200 
                0x0000000020000620                . = (. + _Min_Stack_Size)
 *fill*         0x0000000020000220      0x400 
                0x0000000020000620                . = ALIGN (0x8)

/DISCARD/
 libc.a(*)
 libm.a(*)
 libgcc.a(*)

.ARM.attributes
                0x0000000000000000       0x30
 *(.ARM.attributes)
 .ARM.attributes
                0x0000000000000000       0x1e c:/st/stm32cubeide_1.11.2/stm32cubeide/plugins/com.st.stm32cube.ide.mcu.externaltools.gnu-tools-for-stm32.10.3-2021.10.win32_1.0.100.202210260954/tools/bin/../lib/gcc/arm-none-eabi/10.3.1/thumb/v7e-m+fp/hard/crti.o
 .ARM.attributes
                0x000000000000001e       0x34 c:/st/stm32cubeide_1.11.2/stm32cubeide/plugins/com.st.stm32cube.ide.mcu.externaltools.gnu-tools-for-stm32.10.3-2021.10.win32_1.0.100.202210260954/tools/bin/../lib/gcc/arm-none-eabi/10.3.1/thumb/v7e-m+fp/hard/crtbegin.o
 .ARM.attributes
                0x0000000000000052       0x34 ./Driver/Src/stm32f411disc_gpio_driver.o
 .ARM.attributes
                0x0000000000000086       0x34 ./Driver/Src/stm32f411disc_spi_driver.o
 .ARM.attributes
                0x00000000000000ba       0x34 ./Src/004.SPI_Send.o
 .ARM.attributes
                0x00000000000000ee       0x21 ./Startup/startup_stm32f411vetx.o
 .ARM.attributes
                0x000000000000010f       0x34 c:/st/stm32cubeide_1.11.2/stm32cubeide/plugins/com.st.stm32cube.ide.mcu.externaltools.gnu-tools-for-stm32.10.3-2021.10.win32_1.0.100.202210260954/tools/bin/../lib/gcc/arm-none-eabi/10.3.1/../../../../arm-none-eabi/lib/thumb/v7e-m+fp/hard\libc_nano.a(lib_a-init.o)
 .ARM.attributes
                0x0000000000000143       0x17 c:/st/stm32cubeide_1.11.2/stm32cubeide/plugins/com.st.stm32cube.ide.mcu.externaltools.gnu-tools-for-stm32.10.3-2021.10.win32_1.0.100.202210260954/tools/bin/../lib/gcc/arm-none-eabi/10.3.1/../../../../arm-none-eabi/lib/thumb/v7e-m+fp/hard\libc_nano.a(lib_a-strlen.o)
 .ARM.attributes
                0x000000000000015a       0x1e c:/st/stm32cubeide_1.11.2/stm32cubeide/plugins/com.st.stm32cube.ide.mcu.externaltools.gnu-tools-for-stm32.10.3-2021.10.win32_1.0.100.202210260954/tools/bin/../lib/gcc/arm-none-eabi/10.3.1/thumb/v7e-m+fp/hard/crtn.o
OUTPUT(stm32f411.elf elf32-littlearm)
LOAD linker stubs
LOAD c:/st/stm32cubeide_1.11.2/stm32cubeide/plugins/com.st.stm32cube.ide.mcu.externaltools.gnu-tools-for-stm32.10.3-2021.10.win32_1.0.100.202210260954/tools/bin/../lib/gcc/arm-none-eabi/10.3.1/../../../../arm-none-eabi/lib/thumb/v7e-m+fp/hard\libc.a
LOAD c:/st/stm32cubeide_1.11.2/stm32cubeide/plugins/com.st.stm32cube.ide.mcu.externaltools.gnu-tools-for-stm32.10.3-2021.10.win32_1.0.100.202210260954/tools/bin/../lib/gcc/arm-none-eabi/10.3.1/../../../../arm-none-eabi/lib/thumb/v7e-m+fp/hard\libm.a
LOAD c:/st/stm32cubeide_1.11.2/stm32cubeide/plugins/com.st.stm32cube.ide.mcu.externaltools.gnu-tools-for-stm32.10.3-2021.10.win32_1.0.100.202210260954/tools/bin/../lib/gcc/arm-none-eabi/10.3.1/thumb/v7e-m+fp/hard\libgcc.a

.debug_info     0x0000000000000000     0x14cc
 .debug_info    0x0000000000000000      0x743 ./Driver/Src/stm32f411disc_gpio_driver.o
 .debug_info    0x0000000000000743      0x8cd ./Driver/Src/stm32f411disc_spi_driver.o
 .debug_info    0x0000000000001010      0x49a ./Src/004.SPI_Send.o
 .debug_info    0x00000000000014aa       0x22 ./Startup/startup_stm32f411vetx.o

.debug_abbrev   0x0000000000000000      0x474
 .debug_abbrev  0x0000000000000000      0x146 ./Driver/Src/stm32f411disc_gpio_driver.o
 .debug_abbrev  0x0000000000000146      0x1ee ./Driver/Src/stm32f411disc_spi_driver.o
 .debug_abbrev  0x0000000000000334      0x12e ./Src/004.SPI_Send.o
 .debug_abbrev  0x0000000000000462       0x12 ./Startup/startup_stm32f411vetx.o

.debug_aranges  0x0000000000000000      0x188
 .debug_aranges
                0x0000000000000000       0x70 ./Driver/Src/stm32f411disc_gpio_driver.o
 .debug_aranges
                0x0000000000000070       0xc0 ./Driver/Src/stm32f411disc_spi_driver.o
 .debug_aranges
                0x0000000000000130       0x30 ./Src/004.SPI_Send.o
 .debug_aranges
                0x0000000000000160       0x28 ./Startup/startup_stm32f411vetx.o

.debug_ranges   0x0000000000000000      0x150
 .debug_ranges  0x0000000000000000       0x60 ./Driver/Src/stm32f411disc_gpio_driver.o
 .debug_ranges  0x0000000000000060       0xb0 ./Driver/Src/stm32f411disc_spi_driver.o
 .debug_ranges  0x0000000000000110       0x20 ./Src/004.SPI_Send.o
 .debug_ranges  0x0000000000000130       0x20 ./Startup/startup_stm32f411vetx.o

.debug_macro    0x0000000000000000     0x2658
 .debug_macro   0x0000000000000000       0x81 ./Driver/Src/stm32f411disc_gpio_driver.o
 .debug_macro   0x0000000000000081      0xa7e ./Driver/Src/stm32f411disc_gpio_driver.o
 .debug_macro   0x0000000000000aff       0x22 ./Driver/Src/stm32f411disc_gpio_driver.o
 .debug_macro   0x0000000000000b21       0x8e ./Driver/Src/stm32f411disc_gpio_driver.o
 .debug_macro   0x0000000000000baf       0x51 ./Driver/Src/stm32f411disc_gpio_driver.o
 .debug_macro   0x0000000000000c00      0x103 ./Driver/Src/stm32f411disc_gpio_driver.o
 .debug_macro   0x0000000000000d03       0x6a ./Driver/Src/stm32f411disc_gpio_driver.o
 .debug_macro   0x0000000000000d6d      0x1df ./Driver/Src/stm32f411disc_gpio_driver.o
 .debug_macro   0x0000000000000f4c      0x6bc ./Driver/Src/stm32f411disc_gpio_driver.o
 .debug_macro   0x0000000000001608       0xc4 ./Driver/Src/stm32f411disc_gpio_driver.o
 .debug_macro   0x00000000000016cc      0x1e9 ./Driver/Src/stm32f411disc_spi_driver.o
 .debug_macro   0x00000000000018b5       0xe2 ./Driver/Src/stm32f411disc_spi_driver.o
 .debug_macro   0x0000000000001997      0x216 ./Src/004.SPI_Send.o
 .debug_macro   0x0000000000001bad       0x4c ./Src/004.SPI_Send.o
 .debug_macro   0x0000000000001bf9       0x94 ./Src/004.SPI_Send.o
 .debug_macro   0x0000000000001c8d       0x57 ./Src/004.SPI_Send.o
 .debug_macro   0x0000000000001ce4       0x97 ./Src/004.SPI_Send.o
 .debug_macro   0x0000000000001d7b       0xfd ./Src/004.SPI_Send.o
 .debug_macro   0x0000000000001e78       0x16 ./Src/004.SPI_Send.o
 .debug_macro   0x0000000000001e8e       0x20 ./Src/004.SPI_Send.o
 .debug_macro   0x0000000000001eae      0x6c2 ./Src/004.SPI_Send.o
 .debug_macro   0x0000000000002570       0xe8 ./Src/004.SPI_Send.o

.debug_line     0x0000000000000000     0x1b65
 .debug_line    0x0000000000000000      0x8b0 ./Driver/Src/stm32f411disc_gpio_driver.o
 .debug_line    0x00000000000008b0      0xba7 ./Driver/Src/stm32f411disc_spi_driver.o
 .debug_line    0x0000000000001457      0x68a ./Src/004.SPI_Send.o
 .debug_line    0x0000000000001ae1       0x84 ./Startup/startup_stm32f411vetx.o

.debug_str      0x0000000000000000     0xa551
 .debug_str     0x0000000000000000     0x5e18 ./Driver/Src/stm32f411disc_gpio_driver.o
                                       0x5fa1 (size before relaxing)
 .debug_str     0x0000000000005e18     0x4636 ./Driver/Src/stm32f411disc_spi_driver.o
                                       0xa1f0 (size before relaxing)
 .debug_str     0x000000000000a44e       0xd2 ./Src/004.SPI_Send.o
                                       0xa2f3 (size before relaxing)
 .debug_str     0x000000000000a520       0x31 ./Startup/startup_stm32f411vetx.o
                                         0x59 (size before relaxing)

.comment        0x0000000000000000       0x50
 .comment       0x0000000000000000       0x50 ./Driver/Src/stm32f411disc_gpio_driver.o
                                         0x51 (size before relaxing)
 .comment       0x0000000000000050       0x51 ./Driver/Src/stm32f411disc_spi_driver.o
 .comment       0x0000000000000050       0x51 ./Src/004.SPI_Send.o

.debug_frame    0x0000000000000000      0x5a4
 .debug_frame   0x0000000000000000      0x1c8 ./Driver/Src/stm32f411disc_gpio_driver.o
 .debug_frame   0x00000000000001c8      0x338 ./Driver/Src/stm32f411disc_spi_driver.o
 .debug_frame   0x0000000000000500       0x78 ./Src/004.SPI_Send.o
 .debug_frame   0x0000000000000578       0x2c c:/st/stm32cubeide_1.11.2/stm32cubeide/plugins/com.st.stm32cube.ide.mcu.externaltools.gnu-tools-for-stm32.10.3-2021.10.win32_1.0.100.202210260954/tools/bin/../lib/gcc/arm-none-eabi/10.3.1/../../../../arm-none-eabi/lib/thumb/v7e-m+fp/hard\libc_nano.a(lib_a-init.o)
